Archive member included to satisfy reference by file (symbol)

/home/dell/Ac6/SystemWorkbench/plugins/fr.ac6.mcu.externaltools.arm-none.linux64_1.17.0.201812190825/tools/compiler/bin/../lib/gcc/arm-none-eabi/7.3.1/../../../../arm-none-eabi/lib/thumb/v7-m/libc.a(lib_a-errno.o)
                              src/syscalls.o (__errno)
/home/dell/Ac6/SystemWorkbench/plugins/fr.ac6.mcu.externaltools.arm-none.linux64_1.17.0.201812190825/tools/compiler/bin/../lib/gcc/arm-none-eabi/7.3.1/../../../../arm-none-eabi/lib/thumb/v7-m/libc.a(lib_a-exit.o)
                              /home/dell/Ac6/SystemWorkbench/plugins/fr.ac6.mcu.externaltools.arm-none.linux64_1.17.0.201812190825/tools/compiler/bin/../lib/gcc/arm-none-eabi/7.3.1/../../../../arm-none-eabi/lib/thumb/v7-m/crt0.o (exit)
/home/dell/Ac6/SystemWorkbench/plugins/fr.ac6.mcu.externaltools.arm-none.linux64_1.17.0.201812190825/tools/compiler/bin/../lib/gcc/arm-none-eabi/7.3.1/../../../../arm-none-eabi/lib/thumb/v7-m/libc.a(lib_a-impure.o)
                              /home/dell/Ac6/SystemWorkbench/plugins/fr.ac6.mcu.externaltools.arm-none.linux64_1.17.0.201812190825/tools/compiler/bin/../lib/gcc/arm-none-eabi/7.3.1/../../../../arm-none-eabi/lib/thumb/v7-m/libc.a(lib_a-exit.o) (_global_impure_ptr)
/home/dell/Ac6/SystemWorkbench/plugins/fr.ac6.mcu.externaltools.arm-none.linux64_1.17.0.201812190825/tools/compiler/bin/../lib/gcc/arm-none-eabi/7.3.1/../../../../arm-none-eabi/lib/thumb/v7-m/libc.a(lib_a-init.o)
                              /home/dell/Ac6/SystemWorkbench/plugins/fr.ac6.mcu.externaltools.arm-none.linux64_1.17.0.201812190825/tools/compiler/bin/../lib/gcc/arm-none-eabi/7.3.1/../../../../arm-none-eabi/lib/thumb/v7-m/crt0.o (__libc_init_array)
/home/dell/Ac6/SystemWorkbench/plugins/fr.ac6.mcu.externaltools.arm-none.linux64_1.17.0.201812190825/tools/compiler/bin/../lib/gcc/arm-none-eabi/7.3.1/../../../../arm-none-eabi/lib/thumb/v7-m/libc.a(lib_a-memcpy.o)
                              Third-Party/FreeRTOS/org/Source/queue.o (memcpy)
/home/dell/Ac6/SystemWorkbench/plugins/fr.ac6.mcu.externaltools.arm-none.linux64_1.17.0.201812190825/tools/compiler/bin/../lib/gcc/arm-none-eabi/7.3.1/../../../../arm-none-eabi/lib/thumb/v7-m/libc.a(lib_a-memset.o)
                              /home/dell/Ac6/SystemWorkbench/plugins/fr.ac6.mcu.externaltools.arm-none.linux64_1.17.0.201812190825/tools/compiler/bin/../lib/gcc/arm-none-eabi/7.3.1/../../../../arm-none-eabi/lib/thumb/v7-m/crt0.o (memset)
/home/dell/Ac6/SystemWorkbench/plugins/fr.ac6.mcu.externaltools.arm-none.linux64_1.17.0.201812190825/tools/compiler/bin/../lib/gcc/arm-none-eabi/7.3.1/../../../../arm-none-eabi/lib/thumb/v7-m/libc.a(lib_a-strlen-stub.o)
                              src/main.o (strlen)
/home/dell/Ac6/SystemWorkbench/plugins/fr.ac6.mcu.externaltools.arm-none.linux64_1.17.0.201812190825/tools/compiler/bin/../lib/gcc/arm-none-eabi/7.3.1/../../../../arm-none-eabi/lib/thumb/v7-m/libc.a(lib_a-__call_atexit.o)
                              /home/dell/Ac6/SystemWorkbench/plugins/fr.ac6.mcu.externaltools.arm-none.linux64_1.17.0.201812190825/tools/compiler/bin/../lib/gcc/arm-none-eabi/7.3.1/../../../../arm-none-eabi/lib/thumb/v7-m/libc.a(lib_a-exit.o) (__call_exitprocs)
/home/dell/Ac6/SystemWorkbench/plugins/fr.ac6.mcu.externaltools.arm-none.linux64_1.17.0.201812190825/tools/compiler/bin/../lib/gcc/arm-none-eabi/7.3.1/../../../../arm-none-eabi/lib/thumb/v7-m/libc.a(lib_a-atexit.o)
                              /home/dell/Ac6/SystemWorkbench/plugins/fr.ac6.mcu.externaltools.arm-none.linux64_1.17.0.201812190825/tools/compiler/bin/../lib/gcc/arm-none-eabi/7.3.1/../../../../arm-none-eabi/lib/thumb/v7-m/libc.a(lib_a-__call_atexit.o) (atexit)
/home/dell/Ac6/SystemWorkbench/plugins/fr.ac6.mcu.externaltools.arm-none.linux64_1.17.0.201812190825/tools/compiler/bin/../lib/gcc/arm-none-eabi/7.3.1/../../../../arm-none-eabi/lib/thumb/v7-m/libc.a(lib_a-fini.o)
                              /home/dell/Ac6/SystemWorkbench/plugins/fr.ac6.mcu.externaltools.arm-none.linux64_1.17.0.201812190825/tools/compiler/bin/../lib/gcc/arm-none-eabi/7.3.1/../../../../arm-none-eabi/lib/thumb/v7-m/libc.a(lib_a-__call_atexit.o) (__libc_fini_array)
/home/dell/Ac6/SystemWorkbench/plugins/fr.ac6.mcu.externaltools.arm-none.linux64_1.17.0.201812190825/tools/compiler/bin/../lib/gcc/arm-none-eabi/7.3.1/../../../../arm-none-eabi/lib/thumb/v7-m/libc.a(lib_a-lock.o)
                              /home/dell/Ac6/SystemWorkbench/plugins/fr.ac6.mcu.externaltools.arm-none.linux64_1.17.0.201812190825/tools/compiler/bin/../lib/gcc/arm-none-eabi/7.3.1/../../../../arm-none-eabi/lib/thumb/v7-m/libc.a(lib_a-__call_atexit.o) (__retarget_lock_acquire_recursive)
/home/dell/Ac6/SystemWorkbench/plugins/fr.ac6.mcu.externaltools.arm-none.linux64_1.17.0.201812190825/tools/compiler/bin/../lib/gcc/arm-none-eabi/7.3.1/../../../../arm-none-eabi/lib/thumb/v7-m/libc.a(lib_a-__atexit.o)
[...]
Memory Configuration

Name             Origin             Length             Attributes
RAM              0x0000000020000000 0x0000000000005000 xrw
ROM              0x0000000008000000 0x0000000000010000 xr
*default*        0x0000000000000000 0xffffffffffffffff

Linker script and memory map

LOAD /home/dell/Ac6/SystemWorkbench/plugins/fr.ac6.mcu.externaltools.arm-none.linux64_1.17.0.201812190825/tools/compiler/bin/../lib/gcc/arm-none-eabi/7.3.1/thumb/v7-m/crti.o
LOAD /home/dell/Ac6/SystemWorkbench/plugins/fr.ac6.mcu.externaltools.arm-none.linux64_1.17.0.201812190825/tools/compiler/bin/../lib/gcc/arm-none-eabi/7.3.1/thumb/v7-m/crtbegin.o
LOAD /home/dell/Ac6/SystemWorkbench/plugins/fr.ac6.mcu.externaltools.arm-none.linux64_1.17.0.201812190825/tools/compiler/bin/../lib/gcc/arm-none-eabi/7.3.1/../../../../arm-none-eabi/lib/thumb/v7-m/crt0.o
LOAD CMSIS/core/core_cm3.o
LOAD StdPeriph_Driver/src/misc.o
LOAD StdPeriph_Driver/src/stm32f10x_adc.o
LOAD StdPeriph_Driver/src/stm32f10x_bkp.o
LOAD StdPeriph_Driver/src/stm32f10x_can.o
LOAD StdPeriph_Driver/src/stm32f10x_cec.o
LOAD StdPeriph_Driver/src/stm32f10x_crc.o
LOAD StdPeriph_Driver/src/stm32f10x_dac.o
LOAD StdPeriph_Driver/src/stm32f10x_dbgmcu.o
LOAD StdPeriph_Driver/src/stm32f10x_dma.o
LOAD StdPeriph_Driver/src/stm32f10x_exti.o
LOAD StdPeriph_Driver/src/stm32f10x_flash.o
LOAD StdPeriph_Driver/src/stm32f10x_fsmc.o
LOAD StdPeriph_Driver/src/stm32f10x_gpio.o
LOAD StdPeriph_Driver/src/stm32f10x_i2c.o
LOAD StdPeriph_Driver/src/stm32f10x_iwdg.o
LOAD StdPeriph_Driver/src/stm32f10x_pwr.o
LOAD StdPeriph_Driver/src/stm32f10x_rcc.o
LOAD StdPeriph_Driver/src/stm32f10x_rtc.o
LOAD StdPeriph_Driver/src/stm32f10x_sdio.o
LOAD StdPeriph_Driver/src/stm32f10x_spi.o
LOAD StdPeriph_Driver/src/stm32f10x_tim.o
LOAD StdPeriph_Driver/src/stm32f10x_usart.o
LOAD StdPeriph_Driver/src/stm32f10x_wwdg.o
LOAD Third-Party/FreeRTOS/org/Source/croutine.o
LOAD Third-Party/FreeRTOS/org/Source/event_groups.o
LOAD Third-Party/FreeRTOS/org/Source/list.o
LOAD Third-Party/FreeRTOS/org/Source/queue.o
LOAD Third-Party/FreeRTOS/org/Source/stream_buffer.o
LOAD Third-Party/FreeRTOS/org/Source/tasks.o
LOAD Third-Party/FreeRTOS/org/Source/timers.o
LOAD Third-Party/FreeRTOS/org/Source/portable/GCC/ARM_CM3/port.o
LOAD Third-Party/FreeRTOS/org/Source/portable/MemMang/heap_4.o
LOAD src/main.o
LOAD src/syscalls.o
LOAD src/system_stm32f10x.o
LOAD startup/startup_stm32.o
LOAD /home/dell/Ac6/SystemWorkbench/plugins/fr.ac6.mcu.externaltools.arm-none.linux64_1.17.0.201812190825/tools/compiler/bin/../lib/gcc/arm-none-eabi/7.3.1/../../../../arm-none-eabi/lib/thumb/v7-m/libm.a
START GROUP
LOAD /home/dell/Ac6/SystemWorkbench/plugins/fr.ac6.mcu.externaltools.arm-none.linux64_1.17.0.201812190825/tools/compiler/bin/../lib/gcc/arm-none-eabi/7.3.1/thumb/v7-m/libgcc.a
LOAD /home/dell/Ac6/SystemWorkbench/plugins/fr.ac6.mcu.externaltools.arm-none.linux64_1.17.0.201812190825/tools/compiler/bin/../lib/gcc/arm-none-eabi/7.3.1/../../../../arm-none-eabi/lib/thumb/v7-m/libc.a
END GROUP
LOAD /home/dell/Ac6/SystemWorkbench/plugins/fr.ac6.mcu.externaltools.arm-none.linux64_1.17.0.201812190825/tools/compiler/bin/../lib/gcc/arm-none-eabi/7.3.1/thumb/v7-m/crtend.o
LOAD /home/dell/Ac6/SystemWorkbench/plugins/fr.ac6.mcu.externaltools.arm-none.linux64_1.17.0.201812190825/tools/compiler/bin/../lib/gcc/arm-none-eabi/7.3.1/thumb/v7-m/crtn.o
                0x0000000020005000                _estack = 0x20005000
                0x0000000000000000                _Min_Heap_Size = 0x0
                0x0000000000000400                _Min_Stack_Size = 0x400

.isr_vector     0x0000000008000000      0x130
                0x0000000008000000                . = ALIGN (0x4)
 *(.isr_vector)
 .isr_vector    0x0000000008000000      0x130 startup/startup_stm32.o
                0x0000000008000000                g_pfnVectors
                0x0000000008000130                . = ALIGN (0x4)

.text           0x0000000008000130     0x18e0
                0x0000000008000130                . = ALIGN (0x4)
 *(.text)
 .text          0x0000000008000130       0x40 /home/dell/Ac6/SystemWorkbench/plugins/fr.ac6.mcu.externaltools.arm-none.linux64_1.17.0.201812190825/tools/compiler/bin/../lib/gcc/arm-none-eabi/7.3.1/thumb/v7-m/crtbegin.o
 *(.text*)
 .text.GPIO_Init
                0x0000000008000170      0x178 StdPeriph_Driver/src/stm32f10x_gpio.o
                0x0000000008000170                GPIO_Init
 .text.RCC_DeInit
                0x00000000080002e8       0x5c StdPeriph_Driver/src/stm32f10x_rcc.o
                0x00000000080002e8                RCC_DeInit
 .text.RCC_GetClocksFreq
                0x0000000008000344      0x160 StdPeriph_Driver/src/stm32f10x_rcc.o
                0x0000000008000344                RCC_GetClocksFreq
 .text.RCC_APB2PeriphClockCmd
                0x00000000080004a4       0x3c StdPeriph_Driver/src/stm32f10x_rcc.o
                0x00000000080004a4                RCC_APB2PeriphClockCmd
 .text.USART_Init
                0x00000000080004e0      0x174 StdPeriph_Driver/src/stm32f10x_usart.o
                0x00000000080004e0                USART_Init
 .text.USART_Cmd
                0x0000000008000654       0x3e StdPeriph_Driver/src/stm32f10x_usart.o
                0x0000000008000654                USART_Cmd
 .text.USART_SendData
                0x0000000008000692       0x22 StdPeriph_Driver/src/stm32f10x_usart.o
                0x0000000008000692                USART_SendData
 .text.USART_GetFlagStatus
                0x00000000080006b4       0x36 StdPeriph_Driver/src/stm32f10x_usart.o
                0x00000000080006b4                USART_GetFlagStatus
 .text.vListInitialise
                0x00000000080006ea       0x3e Third-Party/FreeRTOS/org/Source/list.o
                0x00000000080006ea                vListInitialise
 .text.vListInitialiseItem
                0x0000000008000728       0x18 Third-Party/FreeRTOS/org/Source/list.o
                0x0000000008000728                vListInitialiseItem
 .text.vListInsertEnd
                0x0000000008000740       0x46 Third-Party/FreeRTOS/org/Source/list.o
                0x0000000008000740                vListInsertEnd
 .text.uxListRemove
                0x0000000008000786       0x52 Third-Party/FreeRTOS/org/Source/list.o
                0x0000000008000786                uxListRemove
 .text.xTaskCreate
                0x00000000080007d8       0x82 Third-Party/FreeRTOS/org/Source/tasks.o
                0x00000000080007d8                xTaskCreate
 .text.prvInitialiseNewTask
                0x000000000800085a       0xd2 Third-Party/FreeRTOS/org/Source/tasks.o
 .text.prvAddNewTaskToReadyList
                0x000000000800092c       0xd4 Third-Party/FreeRTOS/org/Source/tasks.o
 .text.vTaskStartScheduler
                0x0000000008000a00       0x6c Third-Party/FreeRTOS/org/Source/tasks.o
                0x0000000008000a00                vTaskStartScheduler
 .text.vTaskSuspendAll
                0x0000000008000a6c       0x1c Third-Party/FreeRTOS/org/Source/tasks.o
                0x0000000008000a6c                vTaskSuspendAll
 .text.xTaskResumeAll
                0x0000000008000a88      0x11c Third-Party/FreeRTOS/org/Source/tasks.o
                0x0000000008000a88                xTaskResumeAll
 .text.xTaskIncrementTick
                0x0000000008000ba4      0x150 Third-Party/FreeRTOS/org/Source/tasks.o
                0x0000000008000ba4                xTaskIncrementTick
 .text.vTaskSwitchContext
                0x0000000008000cf4       0x8c Third-Party/FreeRTOS/org/Source/tasks.o
                0x0000000008000cf4                vTaskSwitchContext
 .text.prvIdleTask
                0x0000000008000d80       0x30 Third-Party/FreeRTOS/org/Source/tasks.o
 .text.prvInitialiseTaskLists
                0x0000000008000db0       0x80 Third-Party/FreeRTOS/org/Source/tasks.o
 .text.prvCheckTasksWaitingTermination
                0x0000000008000e30       0x58 Third-Party/FreeRTOS/org/Source/tasks.o
 .text.prvDeleteTCB
                0x0000000008000e88       0x20 Third-Party/FreeRTOS/org/Source/tasks.o
 .text.prvResetNextTaskUnblockTime
                0x0000000008000ea8       0x40 Third-Party/FreeRTOS/org/Source/tasks.o
 .text.pxPortInitialiseStack
                0x0000000008000ee8       0x58 Third-Party/FreeRTOS/org/Source/portable/GCC/ARM_CM3/port.o
                0x0000000008000ee8                pxPortInitialiseStack
 .text.prvTaskExitError
                0x0000000008000f40       0x2e Third-Party/FreeRTOS/org/Source/portable/GCC/ARM_CM3/port.o
 *fill*         0x0000000008000f6e        0x2 
 .text.SVC_Handler
                0x0000000008000f70       0x28 Third-Party/FreeRTOS/org/Source/portable/GCC/ARM_CM3/port.o
                0x0000000008000f70                SVC_Handler
 .text.prvPortStartFirstTask
                0x0000000008000f98       0x20 Third-Party/FreeRTOS/org/Source/portable/GCC/ARM_CM3/port.o
 .text.xPortStartScheduler
                0x0000000008000fb8       0x40 Third-Party/FreeRTOS/org/Source/portable/GCC/ARM_CM3/port.o
                0x0000000008000fb8                xPortStartScheduler
 .text.vPortEnterCritical
                0x0000000008000ff8       0x30 Third-Party/FreeRTOS/org/Source/portable/GCC/ARM_CM3/port.o
                0x0000000008000ff8                vPortEnterCritical
 .text.vPortExitCritical
                0x0000000008001028       0x30 Third-Party/FreeRTOS/org/Source/portable/GCC/ARM_CM3/port.o
                0x0000000008001028                vPortExitCritical
 *fill*         0x0000000008001058        0x8 
 .text.PendSV_Handler
                0x0000000008001060       0x48 Third-Party/FreeRTOS/org/Source/portable/GCC/ARM_CM3/port.o
                0x0000000008001060                PendSV_Handler
 .text.SysTick_Handler
                0x00000000080010a8       0x40 Third-Party/FreeRTOS/org/Source/portable/GCC/ARM_CM3/port.o
                0x00000000080010a8                SysTick_Handler
 .text.vPortSetupTimerInterrupt
                0x00000000080010e8       0x44 Third-Party/FreeRTOS/org/Source/portable/GCC/ARM_CM3/port.o
                0x00000000080010e8                vPortSetupTimerInterrupt
 .text.pvPortMalloc
                0x000000000800112c      0x128 Third-Party/FreeRTOS/org/Source/portable/MemMang/heap_4.o
                0x000000000800112c                pvPortMalloc
 .text.vPortFree
                0x0000000008001254       0x74 Third-Party/FreeRTOS/org/Source/portable/MemMang/heap_4.o
                0x0000000008001254                vPortFree
 .text.prvHeapInit
                0x00000000080012c8       0xc4 Third-Party/FreeRTOS/org/Source/portable/MemMang/heap_4.o
 .text.prvInsertBlockIntoFreeList
                0x000000000800138c       0xb0 Third-Party/FreeRTOS/org/Source/portable/MemMang/heap_4.o
 .text.main     0x000000000800143c       0x68 src/main.o
                0x000000000800143c                main
 .text.vTask1_handler
                0x00000000080014a4       0x14 src/main.o
                0x00000000080014a4                vTask1_handler
 .text.vTask2_handler
                0x00000000080014b8       0x14 src/main.o
                0x00000000080014b8                vTask2_handler
 .text.prvsetupHardware
                0x00000000080014cc       0x7c src/main.o
 .text.print_msg
                0x0000000008001548       0x50 src/main.o
                0x0000000008001548                print_msg
 .text.SystemInit
                0x0000000008001598       0x68 src/system_stm32f10x.o
                0x0000000008001598                SystemInit
 .text.SystemCoreClockUpdate
                0x0000000008001600       0xd8 src/system_stm32f10x.o
                0x0000000008001600                SystemCoreClockUpdate
 .text.SetSysClock
                0x00000000080016d8        0xc src/system_stm32f10x.o
 .text.SetSysClockTo72
                0x00000000080016e4      0x100 src/system_stm32f10x.o
 .text.Reset_Handler
                0x00000000080017e4       0x50 startup/startup_stm32.o
                0x00000000080017e4                Reset_Handler
 .text.Default_Handler
                0x0000000008001834        0x2 startup/startup_stm32.o
                0x0000000008001834                EXTI2_IRQHandler
                0x0000000008001834                TIM8_TRG_COM_IRQHandler
                0x0000000008001834                TIM8_CC_IRQHandler
                0x0000000008001834                DebugMon_Handler
                0x0000000008001834                TIM1_CC_IRQHandler
                0x0000000008001834                HardFault_Handler
                0x0000000008001834                TIM6_IRQHandler
                0x0000000008001834                PVD_IRQHandler
                0x0000000008001834                SDIO_IRQHandler
                0x0000000008001834                NMI_Handler
                0x0000000008001834                EXTI3_IRQHandler
                0x0000000008001834                USB_HP_CAN_TX_IRQHandler
                0x0000000008001834                EXTI0_IRQHandler
                0x0000000008001834                I2C2_EV_IRQHandler
                0x0000000008001834                UsageFault_Handler
                0x0000000008001834                ADC1_2_IRQHandler
                0x0000000008001834                SPI1_IRQHandler
                0x0000000008001834                CAN_SCE_IRQHandler
                0x0000000008001834                TAMPER_IRQHandler
                0x0000000008001834                TIM8_UP_IRQHandler
                0x0000000008001834                DMA2_Channel2_IRQHandler
                0x0000000008001834                DMA1_Channel4_IRQHandler
                0x0000000008001834                USART3_IRQHandler
                0x0000000008001834                RTC_IRQHandler
                0x0000000008001834                DMA1_Channel7_IRQHandler
                0x0000000008001834                UART5_IRQHandler
                0x0000000008001834                ADC3_IRQHandler
                0x0000000008001834                TIM4_IRQHandler
                0x0000000008001834                CAN_RX1_IRQHandler
                0x0000000008001834                DMA2_Channel1_IRQHandler
                0x0000000008001834                I2C1_EV_IRQHandler
                0x0000000008001834                DMA1_Channel6_IRQHandler
                0x0000000008001834                UART4_IRQHandler
                0x0000000008001834                TIM3_IRQHandler
                0x0000000008001834                RCC_IRQHandler
                0x0000000008001834                TIM1_TRG_COM_IRQHandler
                0x0000000008001834                DMA1_Channel1_IRQHandler
                0x0000000008001834                Default_Handler
                0x0000000008001834                EXTI15_10_IRQHandler
                0x0000000008001834                TIM7_IRQHandler
                0x0000000008001834                TIM5_IRQHandler
                0x0000000008001834                EXTI9_5_IRQHandler
                0x0000000008001834                SPI2_IRQHandler
                0x0000000008001834                USB_LP_CAN_RX0_IRQHandler
                0x0000000008001834                MemManage_Handler
                0x0000000008001834                DMA1_Channel5_IRQHandler
                0x0000000008001834                EXTI4_IRQHandler
                0x0000000008001834                DMA1_Channel3_IRQHandler
                0x0000000008001834                FSMC_IRQHandler
                0x0000000008001834                TIM1_UP_IRQHandler
                0x0000000008001834                WWDG_IRQHandler
                0x0000000008001834                TIM2_IRQHandler
                0x0000000008001834                TIM1_BRK_IRQHandler
                0x0000000008001834                EXTI1_IRQHandler
                0x0000000008001834                RTCAlarm_IRQHandler
                0x0000000008001834                DMA2_Channel4_5_IRQHandler
                0x0000000008001834                USART2_IRQHandler
                0x0000000008001834                I2C2_ER_IRQHandler
                0x0000000008001834                DMA1_Channel2_IRQHandler
                0x0000000008001834                TIM8_BRK_IRQHandler
                0x0000000008001834                FLASH_IRQHandler
                0x0000000008001834                BusFault_Handler
                0x0000000008001834                USART1_IRQHandler
                0x0000000008001834                SPI3_IRQHandler
                0x0000000008001834                I2C1_ER_IRQHandler
                0x0000000008001834                DMA2_Channel3_IRQHandler
 *fill*         0x0000000008001836        0x2 
 .text.__libc_init_array
                0x0000000008001838       0x48 /home/dell/Ac6/SystemWorkbench/plugins/fr.ac6.mcu.externaltools.arm-none.linux64_1.17.0.201812190825/tools/compiler/bin/../lib/gcc/arm-none-eabi/7.3.1/../../../../arm-none-eabi/lib/thumb/v7-m/libc.a(lib_a-init.o)
                0x0000000008001838                __libc_init_array
 .text.strlen   0x0000000008001880       0x5c /home/dell/Ac6/SystemWorkbench/plugins/fr.ac6.mcu.externaltools.arm-none.linux64_1.17.0.201812190825/tools/compiler/bin/../lib/gcc/arm-none-eabi/7.3.1/../../../../arm-none-eabi/lib/thumb/v7-m/libc.a(lib_a-strlen-stub.o)
                0x0000000008001880                strlen
 .text.startup.register_fini
                0x00000000080018dc       0x14 /home/dell/Ac6/SystemWorkbench/plugins/fr.ac6.mcu.externaltools.arm-none.linux64_1.17.0.201812190825/tools/compiler/bin/../lib/gcc/arm-none-eabi/7.3.1/../../../../arm-none-eabi/lib/thumb/v7-m/libc.a(lib_a-__call_atexit.o)
 .text.atexit   0x00000000080018f0        0xc /home/dell/Ac6/SystemWorkbench/plugins/fr.ac6.mcu.externaltools.arm-none.linux64_1.17.0.201812190825/tools/compiler/bin/../lib/gcc/arm-none-eabi/7.3.1/../../../../arm-none-eabi/lib/thumb/v7-m/libc.a(lib_a-atexit.o)
                0x00000000080018f0                atexit
 .text.__libc_fini_array
                0x00000000080018fc       0x34 /home/dell/Ac6/SystemWorkbench/plugins/fr.ac6.mcu.externaltools.arm-none.linux64_1.17.0.201812190825/tools/compiler/bin/../lib/gcc/arm-none-eabi/7.3.1/../../../../arm-none-eabi/lib/thumb/v7-m/libc.a(lib_a-fini.o)
                0x00000000080018fc                __libc_fini_array
 .text.__retarget_lock_acquire_recursive
                0x0000000008001930        0x4 /home/dell/Ac6/SystemWorkbench/plugins/fr.ac6.mcu.externaltools.arm-none.linux64_1.17.0.201812190825/tools/compiler/bin/../lib/gcc/arm-none-eabi/7.3.1/../../../../arm-none-eabi/lib/thumb/v7-m/libc.a(lib_a-lock.o)
                0x0000000008001930                __retarget_lock_acquire_recursive
 .text.__retarget_lock_release_recursive
                0x0000000008001934        0x4 /home/dell/Ac6/SystemWorkbench/plugins/fr.ac6.mcu.externaltools.arm-none.linux64_1.17.0.201812190825/tools/compiler/bin/../lib/gcc/arm-none-eabi/7.3.1/../../../../arm-none-eabi/lib/thumb/v7-m/libc.a(lib_a-lock.o)
                0x0000000008001934                __retarget_lock_release_recursive
 .text.__register_exitproc
                0x0000000008001938       0xc0 /home/dell/Ac6/SystemWorkbench/plugins/fr.ac6.mcu.externaltools.arm-none.linux64_1.17.0.201812190825/tools/compiler/bin/../lib/gcc/arm-none-eabi/7.3.1/../../../../arm-none-eabi/lib/thumb/v7-m/libc.a(lib_a-__atexit.o)
                0x0000000008001938                __register_exitproc
 *(.glue_7)
 .glue_7        0x00000000080019f8        0x0 linker stubs
 *(.glue_7t)
 .glue_7t       0x00000000080019f8        0x0 linker stubs
 *(.eh_frame)
 .eh_frame      0x00000000080019f8        0x0 /home/dell/Ac6/SystemWorkbench/plugins/fr.ac6.mcu.externaltools.arm-none.linux64_1.17.0.201812190825/tools/compiler/bin/../lib/gcc/arm-none-eabi/7.3.1/thumb/v7-m/crtbegin.o
 *(.init)
 .init          0x00000000080019f8        0x4 /home/dell/Ac6/SystemWorkbench/plugins/fr.ac6.mcu.externaltools.arm-none.linux64_1.17.0.201812190825/tools/compiler/bin/../lib/gcc/arm-none-eabi/7.3.1/thumb/v7-m/crti.o
                0x00000000080019f8                _init
 .init          0x00000000080019fc        0x8 /home/dell/Ac6/SystemWorkbench/plugins/fr.ac6.mcu.externaltools.arm-none.linux64_1.17.0.201812190825/tools/compiler/bin/../lib/gcc/arm-none-eabi/7.3.1/thumb/v7-m/crtn.o
 *(.fini)
 .fini          0x0000000008001a04        0x4 /home/dell/Ac6/SystemWorkbench/plugins/fr.ac6.mcu.externaltools.arm-none.linux64_1.17.0.201812190825/tools/compiler/bin/../lib/gcc/arm-none-eabi/7.3.1/thumb/v7-m/crti.o
                0x0000000008001a04                _fini
 .fini          0x0000000008001a08        0x8 /home/dell/Ac6/SystemWorkbench/plugins/fr.ac6.mcu.externaltools.arm-none.linux64_1.17.0.201812190825/tools/compiler/bin/../lib/gcc/arm-none-eabi/7.3.1/thumb/v7-m/crtn.o
                0x0000000008001a10                . = ALIGN (0x4)
                0x0000000008001a10                _etext = .

.vfp11_veneer   0x0000000008001a10        0x0
 .vfp11_veneer  0x0000000008001a10        0x0 linker stubs

.v4_bx          0x0000000008001a10        0x0
 .v4_bx         0x0000000008001a10        0x0 linker stubs

.iplt           0x0000000008001a10        0x0
 .iplt          0x0000000008001a10        0x0 /home/dell/Ac6/SystemWorkbench/plugins/fr.ac6.mcu.externaltools.arm-none.linux64_1.17.0.201812190825/tools/compiler/bin/../lib/gcc/arm-none-eabi/7.3.1/thumb/v7-m/crtbegin.o

.rodata         0x0000000008001a10       0x80
                0x0000000008001a10                . = ALIGN (0x4)
 *(.rodata)
 .rodata        0x0000000008001a10        0x5 Third-Party/FreeRTOS/org/Source/tasks.o
 *fill*         0x0000000008001a15        0x3 
 .rodata        0x0000000008001a18       0x71 src/main.o
 *(.rodata*)
 *fill*         0x0000000008001a89        0x3 
 .rodata._global_impure_ptr
                0x0000000008001a8c        0x4 /home/dell/Ac6/SystemWorkbench/plugins/fr.ac6.mcu.externaltools.arm-none.linux64_1.17.0.201812190825/tools/compiler/bin/../lib/gcc/arm-none-eabi/7.3.1/../../../../arm-none-eabi/lib/thumb/v7-m/libc.a(lib_a-impure.o)
                0x0000000008001a8c                _global_impure_ptr
                0x0000000008001a90                . = ALIGN (0x4)

.rel.dyn        0x0000000008001a90        0x0
 .rel.iplt      0x0000000008001a90        0x0 /home/dell/Ac6/SystemWorkbench/plugins/fr.ac6.mcu.externaltools.arm-none.linux64_1.17.0.201812190825/tools/compiler/bin/../lib/gcc/arm-none-eabi/7.3.1/thumb/v7-m/crtbegin.o

.ARM.extab      0x0000000008001a90        0x0
                0x0000000008001a90                . = ALIGN (0x4)
 *(.ARM.extab* .gnu.linkonce.armextab.*)
                0x0000000008001a90                . = ALIGN (0x4)

.ARM            0x0000000008001a90        0x0
                0x0000000008001a90                . = ALIGN (0x4)
                0x0000000008001a90                __exidx_start = .
 *(.ARM.exidx*)
                0x0000000008001a90                __exidx_end = .
                0x0000000008001a90                . = ALIGN (0x4)

.preinit_array  0x0000000008001a90        0x0
                0x0000000008001a90                . = ALIGN (0x4)
                0x0000000008001a90                PROVIDE (__preinit_array_start = .)
 *(.preinit_array*)
                0x0000000008001a90                PROVIDE (__preinit_array_end = .)
                0x0000000008001a90                . = ALIGN (0x4)

.init_array     0x0000000008001a90        0x8
                0x0000000008001a90                . = ALIGN (0x4)
                0x0000000008001a90                PROVIDE (__init_array_start = .)
 *(SORT_BY_NAME(.init_array.*))
 .init_array.00000
                0x0000000008001a90        0x4 /home/dell/Ac6/SystemWorkbench/plugins/fr.ac6.mcu.externaltools.arm-none.linux64_1.17.0.201812190825/tools/compiler/bin/../lib/gcc/arm-none-eabi/7.3.1/../../../../arm-none-eabi/lib/thumb/v7-m/libc.a(lib_a-__call_atexit.o)
 *(.init_array*)
 .init_array    0x0000000008001a94        0x4 /home/dell/Ac6/SystemWorkbench/plugins/fr.ac6.mcu.externaltools.arm-none.linux64_1.17.0.201812190825/tools/compiler/bin/../lib/gcc/arm-none-eabi/7.3.1/thumb/v7-m/crtbegin.o
                0x0000000008001a98                PROVIDE (__init_array_end = .)
                0x0000000008001a98                . = ALIGN (0x4)

.fini_array     0x0000000008001a98        0x4
                0x0000000008001a98                . = ALIGN (0x4)
                0x0000000008001a98                PROVIDE (__fini_array_start = .)
 *(SORT_BY_NAME(.fini_array.*))
 *(.fini_array*)
 .fini_array    0x0000000008001a98        0x4 /home/dell/Ac6/SystemWorkbench/plugins/fr.ac6.mcu.externaltools.arm-none.linux64_1.17.0.201812190825/tools/compiler/bin/../lib/gcc/arm-none-eabi/7.3.1/thumb/v7-m/crtbegin.o
                0x0000000008001a9c                PROVIDE (__fini_array_end = .)
                0x0000000008001a9c                . = ALIGN (0x4)
                0x0000000008001a9c                _sidata = LOADADDR (.data)

.data           0x0000000020000000      0x45c load address 0x0000000008001a9c
                0x0000000020000000                . = ALIGN (0x4)
                0x0000000020000000                _sdata = .
 *(.data)
 .data          0x0000000020000000       0x14 StdPeriph_Driver/src/stm32f10x_rcc.o
 .data          0x0000000020000014        0x4 Third-Party/FreeRTOS/org/Source/portable/GCC/ARM_CM3/port.o
 .data          0x0000000020000018       0x14 src/system_stm32f10x.o
                0x0000000020000018                SystemCoreClock
                0x000000002000001c                AHBPrescTable
 *(.data*)
 *fill*         0x000000002000002c        0x4 
 .data.impure_data
                0x0000000020000030      0x428 /home/dell/Ac6/SystemWorkbench/plugins/fr.ac6.mcu.externaltools.arm-none.linux64_1.17.0.201812190825/tools/compiler/bin/../lib/gcc/arm-none-eabi/7.3.1/../../../../arm-none-eabi/lib/thumb/v7-m/libc.a(lib_a-impure.o)
 .data.__atexit_recursive_mutex
                0x0000000020000458        0x4 /home/dell/Ac6/SystemWorkbench/plugins/fr.ac6.mcu.externaltools.arm-none.linux64_1.17.0.201812190825/tools/compiler/bin/../lib/gcc/arm-none-eabi/7.3.1/../../../../arm-none-eabi/lib/thumb/v7-m/libc.a(lib_a-__call_atexit.o)
                0x0000000020000458                __atexit_recursive_mutex
                0x000000002000045c                . = ALIGN (0x4)
                0x000000002000045c                _edata = .

.igot.plt       0x000000002000045c        0x0 load address 0x0000000008001ef8
 .igot.plt      0x000000002000045c        0x0 /home/dell/Ac6/SystemWorkbench/plugins/fr.ac6.mcu.externaltools.arm-none.linux64_1.17.0.201812190825/tools/compiler/bin/../lib/gcc/arm-none-eabi/7.3.1/thumb/v7-m/crtbegin.o
                0x000000002000045c                . = ALIGN (0x4)

.bss            0x000000002000045c     0x3564 load address 0x0000000008001ef8
                0x000000002000045c                _sbss = .
                0x000000002000045c                __bss_start__ = _sbss
 *(.bss)
 .bss           0x000000002000045c       0x1c /home/dell/Ac6/SystemWorkbench/plugins/fr.ac6.mcu.externaltools.arm-none.linux64_1.17.0.201812190825/tools/compiler/bin/../lib/gcc/arm-none-eabi/7.3.1/thumb/v7-m/crtbegin.o
 .bss           0x0000000020000478      0x104 Third-Party/FreeRTOS/org/Source/tasks.o
                0x0000000020000478                pxCurrentTCB
 .bss           0x000000002000057c     0x3418 Third-Party/FreeRTOS/org/Source/portable/MemMang/heap_4.o
 .bss           0x0000000020003994        0x8 src/main.o
                0x0000000020003994                xTaskHandle_1
                0x0000000020003998                xTaskHandle_2
 *(.bss*)
 *(COMMON)
 COMMON         0x000000002000399c       0x21 /home/dell/Ac6/SystemWorkbench/plugins/fr.ac6.mcu.externaltools.arm-none.linux64_1.17.0.201812190825/tools/compiler/bin/../lib/gcc/arm-none-eabi/7.3.1/../../../../arm-none-eabi/lib/thumb/v7-m/libc.a(lib_a-lock.o)
                0x000000002000399c                __lock___atexit_recursive_mutex
                0x00000000200039a0                __lock___arc4random_mutex
                0x00000000200039a4                __lock___env_recursive_mutex
                0x00000000200039a8                __lock___sinit_recursive_mutex
                0x00000000200039ac                __lock___malloc_recursive_mutex
                0x00000000200039b0                __lock___at_quick_exit_mutex
                0x00000000200039b4                __lock___dd_hash_mutex
                0x00000000200039b8                __lock___tz_mutex
                0x00000000200039bc                __lock___sfp_recursive_mutex
                0x00000000200039c0                . = ALIGN (0x4)
 *fill*         0x00000000200039bd        0x3 
                0x00000000200039c0                _ebss = .
                0x00000000200039c0                __bss_end__ = _ebss

._user_heap_stack
                0x00000000200039c0      0x400 load address 0x0000000008001ef8
                0x00000000200039c0                . = ALIGN (0x8)
                0x00000000200039c0                PROVIDE (end = .)
                [!provide]                        PROVIDE (_end = .)
                0x00000000200039c0                . = (. + _Min_Heap_Size)
                0x0000000020003dc0                . = (. + _Min_Stack_Size)
 *fill*         0x00000000200039c0      0x400 
                0x0000000020003dc0                . = ALIGN (0x8)

/DISCARD/
 libc.a(*)
 libm.a(*)
 libgcc.a(*)

.ARM.attributes
                0x0000000000000000       0x29
 *(.ARM.attributes)
 .ARM.attributes
                0x0000000000000000       0x1d /home/dell/Ac6/SystemWorkbench/plugins/fr.ac6.mcu.externaltools.arm-none.linux64_1.17.0.201812190825/tools/compiler/bin/../lib/gcc/arm-none-eabi/7.3.1/thumb/v7-m/crti.o
 .ARM.attributes
                0x000000000000001d       0x2d /home/dell/Ac6/SystemWorkbench/plugins/fr.ac6.mcu.externaltools.arm-none.linux64_1.17.0.201812190825/tools/compiler/bin/../lib/gcc/arm-none-eabi/7.3.1/thumb/v7-m/crtbegin.o
 .ARM.attributes
                0x000000000000004a       0x33 StdPeriph_Driver/src/stm32f10x_gpio.o
 .ARM.attributes
                0x000000000000007d       0x33 StdPeriph_Driver/src/stm32f10x_rcc.o
 .ARM.attributes
                0x00000000000000b0       0x33 StdPeriph_Driver/src/stm32f10x_usart.o
 .ARM.attributes
                0x00000000000000e3       0x33 Third-Party/FreeRTOS/org/Source/list.o
 .ARM.attributes
                0x0000000000000116       0x33 Third-Party/FreeRTOS/org/Source/tasks.o
 .ARM.attributes
                0x0000000000000149       0x33 Third-Party/FreeRTOS/org/Source/portable/GCC/ARM_CM3/port.o
 .ARM.attributes
                0x000000000000017c       0x33 Third-Party/FreeRTOS/org/Source/portable/MemMang/heap_4.o
 .ARM.attributes
                0x00000000000001af       0x33 src/main.o
 .ARM.attributes
                0x00000000000001e2       0x33 src/system_stm32f10x.o
 .ARM.attributes
                0x0000000000000215       0x21 startup/startup_stm32.o
 .ARM.attributes
                0x0000000000000236       0x2d /home/dell/Ac6/SystemWorkbench/plugins/fr.ac6.mcu.externaltools.arm-none.linux64_1.17.0.201812190825/tools/compiler/bin/../lib/gcc/arm-none-eabi/7.3.1/../../../../arm-none-eabi/lib/thumb/v7-m/libc.a(lib_a-impure.o)
 .ARM.attributes
                0x0000000000000263       0x2d /home/dell/Ac6/SystemWorkbench/plugins/fr.ac6.mcu.externaltools.arm-none.linux64_1.17.0.201812190825/tools/compiler/bin/../lib/gcc/arm-none-eabi/7.3.1/../../../../arm-none-eabi/lib/thumb/v7-m/libc.a(lib_a-init.o)
 .ARM.attributes
                0x0000000000000290       0x2d /home/dell/Ac6/SystemWorkbench/plugins/fr.ac6.mcu.externaltools.arm-none.linux64_1.17.0.201812190825/tools/compiler/bin/../lib/gcc/arm-none-eabi/7.3.1/../../../../arm-none-eabi/lib/thumb/v7-m/libc.a(lib_a-strlen-stub.o)
 .ARM.attributes
                0x00000000000002bd       0x2d /home/dell/Ac6/SystemWorkbench/plugins/fr.ac6.mcu.externaltools.arm-none.linux64_1.17.0.201812190825/tools/compiler/bin/../lib/gcc/arm-none-eabi/7.3.1/../../../../arm-none-eabi/lib/thumb/v7-m/libc.a(lib_a-__call_atexit.o)
 .ARM.attributes
                0x00000000000002ea       0x2d /home/dell/Ac6/SystemWorkbench/plugins/fr.ac6.mcu.externaltools.arm-none.linux64_1.17.0.201812190825/tools/compiler/bin/../lib/gcc/arm-none-eabi/7.3.1/../../../../arm-none-eabi/lib/thumb/v7-m/libc.a(lib_a-atexit.o)
 .ARM.attributes
                0x0000000000000317       0x2d /home/dell/Ac6/SystemWorkbench/plugins/fr.ac6.mcu.externaltools.arm-none.linux64_1.17.0.201812190825/tools/compiler/bin/../lib/gcc/arm-none-eabi/7.3.1/../../../../arm-none-eabi/lib/thumb/v7-m/libc.a(lib_a-fini.o)
 .ARM.attributes
                0x0000000000000344       0x2d /home/dell/Ac6/SystemWorkbench/plugins/fr.ac6.mcu.externaltools.arm-none.linux64_1.17.0.201812190825/tools/compiler/bin/../lib/gcc/arm-none-eabi/7.3.1/../../../../arm-none-eabi/lib/thumb/v7-m/libc.a(lib_a-lock.o)
 .ARM.attributes
                0x0000000000000371       0x2d /home/dell/Ac6/SystemWorkbench/plugins/fr.ac6.mcu.externaltools.arm-none.linux64_1.17.0.201812190825/tools/compiler/bin/../lib/gcc/arm-none-eabi/7.3.1/../../../../arm-none-eabi/lib/thumb/v7-m/libc.a(lib_a-__atexit.o)
 .ARM.attributes
                0x000000000000039e       0x1d /home/dell/Ac6/SystemWorkbench/plugins/fr.ac6.mcu.externaltools.arm-none.linux64_1.17.0.201812190825/tools/compiler/bin/../lib/gcc/arm-none-eabi/7.3.1/thumb/v7-m/crtn.o
OUTPUT(HELLOOO_wOOORLD.elf elf32-littlearm)

.debug_info     0x0000000000000000     0x5f2f
 .debug_info    0x0000000000000000      0x6ec StdPeriph_Driver/src/stm32f10x_gpio.o
 .debug_info    0x00000000000006ec      0x89c StdPeriph_Driver/src/stm32f10x_rcc.o
 .debug_info    0x0000000000000f88      0x9e4 StdPeriph_Driver/src/stm32f10x_usart.o
 .debug_info    0x000000000000196c      0xadb Third-Party/FreeRTOS/org/Source/list.o
 .debug_info    0x0000000000002447     0x1bfe Third-Party/FreeRTOS/org/Source/tasks.o
 .debug_info    0x0000000000004045      0x2ea Third-Party/FreeRTOS/org/Source/portable/GCC/ARM_CM3/port.o
 .debug_info    0x000000000000432f      0xb29 Third-Party/FreeRTOS/org/Source/portable/MemMang/heap_4.o
 .debug_info    0x0000000000004e58      0xc65 src/main.o
 .debug_info    0x0000000000005abd      0x450 src/system_stm32f10x.o
 .debug_info    0x0000000000005f0d       0x22 startup/startup_stm32.o

.debug_abbrev   0x0000000000000000     0x133c
 .debug_abbrev  0x0000000000000000      0x1e4 StdPeriph_Driver/src/stm32f10x_gpio.o
 .debug_abbrev  0x00000000000001e4      0x1d4 StdPeriph_Driver/src/stm32f10x_rcc.o
 .debug_abbrev  0x00000000000003b8      0x194 StdPeriph_Driver/src/stm32f10x_usart.o
 .debug_abbrev  0x000000000000054c      0x205 Third-Party/FreeRTOS/org/Source/list.o
 .debug_abbrev  0x0000000000000751      0x36e Third-Party/FreeRTOS/org/Source/tasks.o
 .debug_abbrev  0x0000000000000abf      0x1dc Third-Party/FreeRTOS/org/Source/portable/GCC/ARM_CM3/port.o
 .debug_abbrev  0x0000000000000c9b      0x273 Third-Party/FreeRTOS/org/Source/portable/MemMang/heap_4.o
 .debug_abbrev  0x0000000000000f0e      0x27e src/main.o
 .debug_abbrev  0x000000000000118c      0x19e src/system_stm32f10x.o
 .debug_abbrev  0x000000000000132a       0x12 startup/startup_stm32.o

.debug_aranges  0x0000000000000000      0x5d8
 .debug_aranges
                0x0000000000000000       0xa8 StdPeriph_Driver/src/stm32f10x_gpio.o
 .debug_aranges
                0x00000000000000a8      0x118 StdPeriph_Driver/src/stm32f10x_rcc.o
 .debug_aranges
                0x00000000000001c0      0x100 StdPeriph_Driver/src/stm32f10x_usart.o
 .debug_aranges
                0x00000000000002c0       0x40 Third-Party/FreeRTOS/org/Source/list.o
 .debug_aranges
                0x0000000000000300      0x178 Third-Party/FreeRTOS/org/Source/tasks.o
 .debug_aranges
                0x0000000000000478       0x70 Third-Party/FreeRTOS/org/Source/portable/GCC/ARM_CM3/port.o
 .debug_aranges
                0x00000000000004e8       0x50 Third-Party/FreeRTOS/org/Source/portable/MemMang/heap_4.o
 .debug_aranges
                0x0000000000000538       0x40 src/main.o
 .debug_aranges
                0x0000000000000578       0x38 src/system_stm32f10x.o
 .debug_aranges
                0x00000000000005b0       0x28 startup/startup_stm32.o

.debug_ranges   0x0000000000000000      0x540
 .debug_ranges  0x0000000000000000       0x98 StdPeriph_Driver/src/stm32f10x_gpio.o
 .debug_ranges  0x0000000000000098      0x108 StdPeriph_Driver/src/stm32f10x_rcc.o
 .debug_ranges  0x00000000000001a0       0xf0 StdPeriph_Driver/src/stm32f10x_usart.o
 .debug_ranges  0x0000000000000290       0x30 Third-Party/FreeRTOS/org/Source/list.o
 .debug_ranges  0x00000000000002c0      0x168 Third-Party/FreeRTOS/org/Source/tasks.o
 .debug_ranges  0x0000000000000428       0x60 Third-Party/FreeRTOS/org/Source/portable/GCC/ARM_CM3/port.o
 .debug_ranges  0x0000000000000488       0x40 Third-Party/FreeRTOS/org/Source/portable/MemMang/heap_4.o
 .debug_ranges  0x00000000000004c8       0x30 src/main.o
 .debug_ranges  0x00000000000004f8       0x28 src/system_stm32f10x.o
 .debug_ranges  0x0000000000000520       0x20 startup/startup_stm32.o

.debug_macro    0x0000000000000000     0x20d4
 .debug_macro   0x0000000000000000      0x1d7 StdPeriph_Driver/src/stm32f10x_gpio.o
 .debug_macro   0x00000000000001d7      0x2a6 StdPeriph_Driver/src/stm32f10x_gpio.o
 .debug_macro   0x000000000000047d      0x2a1 StdPeriph_Driver/src/stm32f10x_rcc.o
 .debug_macro   0x000000000000071e      0x3dc StdPeriph_Driver/src/stm32f10x_rcc.o
 .debug_macro   0x0000000000000afa      0x23d StdPeriph_Driver/src/stm32f10x_usart.o
 .debug_macro   0x0000000000000d37      0x21a StdPeriph_Driver/src/stm32f10x_usart.o
 .debug_macro   0x0000000000000f51      0x17a Third-Party/FreeRTOS/org/Source/list.o
 .debug_macro   0x00000000000010cb      0x26e Third-Party/FreeRTOS/org/Source/tasks.o
 .debug_macro   0x0000000000001339       0x10 Third-Party/FreeRTOS/org/Source/tasks.o
 .debug_macro   0x0000000000001349      0x172 Third-Party/FreeRTOS/org/Source/portable/GCC/ARM_CM3/port.o
 .debug_macro   0x00000000000014bb      0x1a1 Third-Party/FreeRTOS/org/Source/portable/MemMang/heap_4.o
 .debug_macro   0x000000000000165c      0x373 src/main.o
 .debug_macro   0x00000000000019cf       0x16 src/main.o
 .debug_macro   0x00000000000019e5       0x97 src/main.o
 .debug_macro   0x0000000000001a7c       0xfd src/main.o
 .debug_macro   0x0000000000001b79       0x10 src/main.o
 .debug_macro   0x0000000000001b89       0x10 src/main.o
 .debug_macro   0x0000000000001b99       0x1c src/main.o
 .debug_macro   0x0000000000001bb5       0x52 src/main.o
 .debug_macro   0x0000000000001c07       0x40 src/main.o
 .debug_macro   0x0000000000001c47       0x10 src/main.o
 .debug_macro   0x0000000000001c57       0x40 src/main.o
 .debug_macro   0x0000000000001c97       0xd7 src/main.o
 .debug_macro   0x0000000000001d6e       0x1c src/main.o
 .debug_macro   0x0000000000001d8a       0x3d src/main.o
 .debug_macro   0x0000000000001dc7       0x16 src/main.o
 .debug_macro   0x0000000000001ddd      0x16f src/main.o
 .debug_macro   0x0000000000001f4c      0x188 src/system_stm32f10x.o

.debug_line     0x0000000000000000     0x46d7
 .debug_line    0x0000000000000000      0x7a7 StdPeriph_Driver/src/stm32f10x_gpio.o
 .debug_line    0x00000000000007a7      0x8a3 StdPeriph_Driver/src/stm32f10x_rcc.o
 .debug_line    0x000000000000104a      0x875 StdPeriph_Driver/src/stm32f10x_usart.o
 .debug_line    0x00000000000018bf      0x595 Third-Party/FreeRTOS/org/Source/list.o
 .debug_line    0x0000000000001e54      0xc66 Third-Party/FreeRTOS/org/Source/tasks.o
 .debug_line    0x0000000000002aba      0x5cc Third-Party/FreeRTOS/org/Source/portable/GCC/ARM_CM3/port.o
 .debug_line    0x0000000000003086      0x61c Third-Party/FreeRTOS/org/Source/portable/MemMang/heap_4.o
 .debug_line    0x00000000000036a2      0x95d src/main.o
 .debug_line    0x0000000000003fff      0x65c src/system_stm32f10x.o
 .debug_line    0x000000000000465b       0x7c startup/startup_stm32.o

.debug_str      0x0000000000000000    0x589c0
 .debug_str     0x0000000000000000    0x4d639 StdPeriph_Driver/src/stm32f10x_gpio.o
                                      0x4d7b9 (size before relaxing)
 .debug_str     0x000000000004d639      0xb59 StdPeriph_Driver/src/stm32f10x_rcc.o
                                      0x4dd9f (size before relaxing)
 .debug_str     0x000000000004e192      0x82c StdPeriph_Driver/src/stm32f10x_usart.o
                                      0x4dac9 (size before relaxing)
 .debug_str     0x000000000004e9be     0x63d7 Third-Party/FreeRTOS/org/Source/list.o
                                       0xa0b7 (size before relaxing)
 .debug_str     0x0000000000054d95     0x1f8d Third-Party/FreeRTOS/org/Source/tasks.o
                                       0xc036 (size before relaxing)
 .debug_str     0x0000000000056d22      0x61a Third-Party/FreeRTOS/org/Source/portable/GCC/ARM_CM3/port.o
                                       0x7f8e (size before relaxing)
 .debug_str     0x000000000005733c      0x252 Third-Party/FreeRTOS/org/Source/portable/MemMang/heap_4.o
                                       0xa7bb (size before relaxing)
 .debug_str     0x000000000005758e     0x1311 src/main.o
                                      0x54f35 (size before relaxing)
 .debug_str     0x000000000005889f       0xf8 src/system_stm32f10x.o
                                      0x4d34d (size before relaxing)
 .debug_str     0x0000000000058997       0x29 startup/startup_stm32.o
                                         0x63 (size before relaxing)

.comment        0x0000000000000000       0x7f
 .comment       0x0000000000000000       0x7f StdPeriph_Driver/src/stm32f10x_gpio.o
                                         0x80 (size before relaxing)
 .comment       0x000000000000007f       0x80 StdPeriph_Driver/src/stm32f10x_rcc.o
 .comment       0x000000000000007f       0x80 StdPeriph_Driver/src/stm32f10x_usart.o
 .comment       0x000000000000007f       0x80 Third-Party/FreeRTOS/org/Source/list.o
 .comment       0x000000000000007f       0x80 Third-Party/FreeRTOS/org/Source/tasks.o
 .comment       0x000000000000007f       0x80 Third-Party/FreeRTOS/org/Source/portable/GCC/ARM_CM3/port.o
 .comment       0x000000000000007f       0x80 Third-Party/FreeRTOS/org/Source/portable/MemMang/heap_4.o
 .comment       0x000000000000007f       0x80 src/main.o
 .comment       0x000000000000007f       0x80 src/system_stm32f10x.o

.debug_frame    0x0000000000000000     0x191c
 .debug_frame   0x0000000000000000      0x2d0 StdPeriph_Driver/src/stm32f10x_gpio.o
 .debug_frame   0x00000000000002d0      0x4f4 StdPeriph_Driver/src/stm32f10x_rcc.o
 .debug_frame   0x00000000000007c4      0x490 StdPeriph_Driver/src/stm32f10x_usart.o
 .debug_frame   0x0000000000000c54       0xd8 Third-Party/FreeRTOS/org/Source/list.o
 .debug_frame   0x0000000000000d2c      0x654 Third-Party/FreeRTOS/org/Source/tasks.o
 .debug_frame   0x0000000000001380      0x160 Third-Party/FreeRTOS/org/Source/portable/GCC/ARM_CM3/port.o
 .debug_frame   0x00000000000014e0      0x108 Third-Party/FreeRTOS/org/Source/portable/MemMang/heap_4.o
 .debug_frame   0x00000000000015e8       0xbc src/main.o
 .debug_frame   0x00000000000016a4       0x98 src/system_stm32f10x.o
 .debug_frame   0x000000000000173c       0x2c /home/dell/Ac6/SystemWorkbench/plugins/fr.ac6.mcu.externaltools.arm-none.linux64_1.17.0.201812190825/tools/compiler/bin/../lib/gcc/arm-none-eabi/7.3.1/../../../../arm-none-eabi/lib/thumb/v7-m/libc.a(lib_a-init.o)
 .debug_frame   0x0000000000001768       0x20 /home/dell/Ac6/SystemWorkbench/plugins/fr.ac6.mcu.externaltools.arm-none.linux64_1.17.0.201812190825/tools/compiler/bin/../lib/gcc/arm-none-eabi/7.3.1/../../../../arm-none-eabi/lib/thumb/v7-m/libc.a(lib_a-strlen-stub.o)
 .debug_frame   0x0000000000001788       0x5c /home/dell/Ac6/SystemWorkbench/plugins/fr.ac6.mcu.externaltools.arm-none.linux64_1.17.0.201812190825/tools/compiler/bin/../lib/gcc/arm-none-eabi/7.3.1/../../../../arm-none-eabi/lib/thumb/v7-m/libc.a(lib_a-__call_atexit.o)
 .debug_frame   0x00000000000017e4       0x20 /home/dell/Ac6/SystemWorkbench/plugins/fr.ac6.mcu.externaltools.arm-none.linux64_1.17.0.201812190825/tools/compiler/bin/../lib/gcc/arm-none-eabi/7.3.1/../../../../arm-none-eabi/lib/thumb/v7-m/libc.a(lib_a-atexit.o)
 .debug_frame   0x0000000000001804       0x34 /home/dell/Ac6/SystemWorkbench/plugins/fr.ac6.mcu.externaltools.arm-none.linux64_1.17.0.201812190825/tools/compiler/bin/../lib/gcc/arm-none-eabi/7.3.1/../../../../arm-none-eabi/lib/thumb/v7-m/libc.a(lib_a-fini.o)
 .debug_frame   0x0000000000001838       0xb0 /home/dell/Ac6/SystemWorkbench/plugins/fr.ac6.mcu.externaltools.arm-none.linux64_1.17.0.201812190825/tools/compiler/bin/../lib/gcc/arm-none-eabi/7.3.1/../../../../arm-none-eabi/lib/thumb/v7-m/libc.a(lib_a-lock.o)
 .debug_frame   0x00000000000018e8       0x34 /home/dell/Ac6/SystemWorkbench/plugins/fr.ac6.mcu.externaltools.arm-none.linux64_1.17.0.201812190825/tools/compiler/bin/../lib/gcc/arm-none-eabi/7.3.1/../../../../arm-none-eabi/lib/thumb/v7-m/libc.a(lib_a-__atexit.o)
